// Jest Snapshot v1, https://goo.gl/fbAQLP

exports[`<UserInputField /> renders the component consistently 1`] = `
ShallowWrapper {
  "length": 1,
  Symbol(enzyme.__root__): [Circular],
  Symbol(enzyme.__unrendered__): <UserInputField
    disabled={false}
    isVisible={true}
    message=""
    name="email"
    onChange={[Function]}
    placeholder=""
    title=""
    type=""
    value="ckboardtoronto@gmail.com"
/>,
  Symbol(enzyme.__renderer__): Object {
    "batchedUpdates": [Function],
    "getNode": [Function],
    "render": [Function],
    "simulateEvent": [Function],
    "unmount": [Function],
  },
  Symbol(enzyme.__node__): Object {
    "instance": null,
    "key": undefined,
    "nodeType": "host",
    "props": Object {
      "children": Array [
        <label
          className="User__form__fields__label"
          htmlFor="email"
>
          Email Address
</label>,
        <input
          className="User__form__fields__input"
          disabled={false}
          id="email"
          name="email"
          onChange={[Function]}
          placeholder="Email Address"
          type="email"
          value="ckboardtoronto@gmail.com"
/>,
        <p
          className="User__form__fields__message"
>
          This email is linked to your account.
</p>,
        null,
      ],
      "className": "User__form__fields user-form-fields",
    },
    "ref": null,
    "rendered": Array [
      Object {
        "instance": null,
        "key": undefined,
        "nodeType": "host",
        "props": Object {
          "children": "Email Address",
          "className": "User__form__fields__label",
          "htmlFor": "email",
        },
        "ref": null,
        "rendered": "Email Address",
        "type": "label",
      },
      Object {
        "instance": null,
        "key": undefined,
        "nodeType": "host",
        "props": Object {
          "className": "User__form__fields__input",
          "disabled": false,
          "id": "email",
          "name": "email",
          "onChange": [Function],
          "placeholder": "Email Address",
          "type": "email",
          "value": "ckboardtoronto@gmail.com",
        },
        "ref": null,
        "rendered": null,
        "type": "input",
      },
      Object {
        "instance": null,
        "key": undefined,
        "nodeType": "host",
        "props": Object {
          "children": "This email is linked to your account.",
          "className": "User__form__fields__message",
        },
        "ref": null,
        "rendered": "This email is linked to your account.",
        "type": "p",
      },
      null,
    ],
    "type": "div",
  },
  Symbol(enzyme.__nodes__): Array [
    Object {
      "instance": null,
      "key": undefined,
      "nodeType": "host",
      "props": Object {
        "children": Array [
          <label
            className="User__form__fields__label"
            htmlFor="email"
>
            Email Address
</label>,
          <input
            className="User__form__fields__input"
            disabled={false}
            id="email"
            name="email"
            onChange={[Function]}
            placeholder="Email Address"
            type="email"
            value="ckboardtoronto@gmail.com"
/>,
          <p
            className="User__form__fields__message"
>
            This email is linked to your account.
</p>,
          null,
        ],
        "className": "User__form__fields user-form-fields",
      },
      "ref": null,
      "rendered": Array [
        Object {
          "instance": null,
          "key": undefined,
          "nodeType": "host",
          "props": Object {
            "children": "Email Address",
            "className": "User__form__fields__label",
            "htmlFor": "email",
          },
          "ref": null,
          "rendered": "Email Address",
          "type": "label",
        },
        Object {
          "instance": null,
          "key": undefined,
          "nodeType": "host",
          "props": Object {
            "className": "User__form__fields__input",
            "disabled": false,
            "id": "email",
            "name": "email",
            "onChange": [Function],
            "placeholder": "Email Address",
            "type": "email",
            "value": "ckboardtoronto@gmail.com",
          },
          "ref": null,
          "rendered": null,
          "type": "input",
        },
        Object {
          "instance": null,
          "key": undefined,
          "nodeType": "host",
          "props": Object {
            "children": "This email is linked to your account.",
            "className": "User__form__fields__message",
          },
          "ref": null,
          "rendered": "This email is linked to your account.",
          "type": "p",
        },
        null,
      ],
      "type": "div",
    },
  ],
  Symbol(enzyme.__options__): Object {
    "adapter": ReactSixteenAdapter {
      "options": Object {
        "enableComponentDidUpdateOnSetState": true,
      },
    },
  },
}
`;
