// Jest Snapshot v1, https://goo.gl/fbAQLP

exports[`<AppNavigation /> renders the component consistently 1`] = `
ShallowWrapper {
  "length": 1,
  Symbol(enzyme.__root__): [Circular],
  Symbol(enzyme.__unrendered__): <AppNavigation
    layout={
        Object {
            "isMainMenuVisible": true,
            "isUserMenuVisible": true,
          }
    }
    location={
        Object {
            "pathname": "/",
          }
    }
/>,
  Symbol(enzyme.__renderer__): Object {
    "batchedUpdates": [Function],
    "getNode": [Function],
    "render": [Function],
    "simulateEvent": [Function],
    "unmount": [Function],
  },
  Symbol(enzyme.__node__): Array [
    <div
      className="App-navigation__overlay active"
      onClick={undefined}
      onKeyDown={[Function]}
      role="button"
      tabIndex={0}
/>,
    <nav
      className="App-navigation"
>
      <div
            className="App-navigation__row component-row"
      >
            <MainMenu
                  active={true}
                  menus={
                        Array [
                              Object {
                                "exact": true,
                                "path": "/",
                              },
                              Object {
                                "children": Array [
                                  Object {
                                    "name": "자유게시판",
                                    "path": "/free",
                                  },
                                  Object {
                                    "name": "나의 커뮤니티",
                                    "path": "/myCommunity",
                                  },
                                  Object {
                                    "name": "즐겨찾기",
                                    "path": "/favourites",
                                  },
                                  Object {
                                    "name": "커뮤니티 All",
                                    "path": "/communityAll",
                                  },
                                ],
                                "icon": "group",
                                "main": [Function],
                                "name": "커뮤니티",
                                "path": "/community",
                              },
                              Object {
                                "children": Array [
                                  Object {
                                    "name": "오늘의 맛집",
                                    "path": "/trending",
                                  },
                                  Object {
                                    "name": "랭킹",
                                    "path": "/rank",
                                  },
                                ],
                                "icon": "free_breakfast",
                                "name": "맛집",
                                "path": "/restaurants",
                              },
                              Object {
                                "children": Array [
                                  Object {
                                    "name": "최신질문",
                                    "path": "/recent",
                                  },
                                  Object {
                                    "name": "내 질문",
                                    "path": "/myquestions",
                                  },
                                  Object {
                                    "name": "내 답변",
                                    "path": "/myanswers",
                                  },
                                ],
                                "icon": "forum",
                                "name": "Q&A",
                                "path": "/qna",
                              },
                              Object {
                                "children": Array [
                                  Object {
                                    "name": "인기상승",
                                    "path": "/whatever",
                                  },
                                  Object {
                                    "name": "아무거나",
                                    "path": "/whatevery",
                                  },
                                ],
                                "icon": "event",
                                "name": "정보",
                                "path": "/info",
                              },
                              Object {
                                "main": [Function],
                                "name": "게시글 목록",
                                "path": "/articles",
                              },
                              Object {
                                "main": [Function],
                                "name": "게시글",
                                "path": "/article",
                              },
                            ]
                  }
                  toggleMenu={undefined}
            />
            <OnClickOutside(UserMenu)
                  active={true}
                  currentRoute="/"
                  eventTypes={
                        Array [
                              "mousedown",
                              "touchstart",
                            ]
                  }
                  excludeScrollbar={false}
                  layout={
                        Object {
                              "isMainMenuVisible": true,
                              "isUserMenuVisible": true,
                            }
                  }
                  logout={undefined}
                  outsideClickIgnoreClass="ignore-react-onclickoutside"
                  preventDefault={false}
                  stopPropagation={false}
                  toggleUserMenu={undefined}
                  user={undefined}
            />
      </div>
      <Switch>
            <Route
                  exact={undefined}
                  path="/community"
                  render={[Function]}
            />
            <Route
                  exact={undefined}
                  path="/restaurants"
                  render={[Function]}
            />
            <Route
                  exact={undefined}
                  path="/qna"
                  render={[Function]}
            />
            <Route
                  exact={undefined}
                  path="/info"
                  render={[Function]}
            />
      </Switch>
</nav>,
  ],
  Symbol(enzyme.__nodes__): Array [
    Array [
      <div
        className="App-navigation__overlay active"
        onClick={undefined}
        onKeyDown={[Function]}
        role="button"
        tabIndex={0}
/>,
      <nav
        className="App-navigation"
>
        <div
                className="App-navigation__row component-row"
        >
                <MainMenu
                        active={true}
                        menus={
                                Array [
                                        Object {
                                          "exact": true,
                                          "path": "/",
                                        },
                                        Object {
                                          "children": Array [
                                            Object {
                                              "name": "자유게시판",
                                              "path": "/free",
                                            },
                                            Object {
                                              "name": "나의 커뮤니티",
                                              "path": "/myCommunity",
                                            },
                                            Object {
                                              "name": "즐겨찾기",
                                              "path": "/favourites",
                                            },
                                            Object {
                                              "name": "커뮤니티 All",
                                              "path": "/communityAll",
                                            },
                                          ],
                                          "icon": "group",
                                          "main": [Function],
                                          "name": "커뮤니티",
                                          "path": "/community",
                                        },
                                        Object {
                                          "children": Array [
                                            Object {
                                              "name": "오늘의 맛집",
                                              "path": "/trending",
                                            },
                                            Object {
                                              "name": "랭킹",
                                              "path": "/rank",
                                            },
                                          ],
                                          "icon": "free_breakfast",
                                          "name": "맛집",
                                          "path": "/restaurants",
                                        },
                                        Object {
                                          "children": Array [
                                            Object {
                                              "name": "최신질문",
                                              "path": "/recent",
                                            },
                                            Object {
                                              "name": "내 질문",
                                              "path": "/myquestions",
                                            },
                                            Object {
                                              "name": "내 답변",
                                              "path": "/myanswers",
                                            },
                                          ],
                                          "icon": "forum",
                                          "name": "Q&A",
                                          "path": "/qna",
                                        },
                                        Object {
                                          "children": Array [
                                            Object {
                                              "name": "인기상승",
                                              "path": "/whatever",
                                            },
                                            Object {
                                              "name": "아무거나",
                                              "path": "/whatevery",
                                            },
                                          ],
                                          "icon": "event",
                                          "name": "정보",
                                          "path": "/info",
                                        },
                                        Object {
                                          "main": [Function],
                                          "name": "게시글 목록",
                                          "path": "/articles",
                                        },
                                        Object {
                                          "main": [Function],
                                          "name": "게시글",
                                          "path": "/article",
                                        },
                                      ]
                        }
                        toggleMenu={undefined}
                />
                <OnClickOutside(UserMenu)
                        active={true}
                        currentRoute="/"
                        eventTypes={
                                Array [
                                        "mousedown",
                                        "touchstart",
                                      ]
                        }
                        excludeScrollbar={false}
                        layout={
                                Object {
                                        "isMainMenuVisible": true,
                                        "isUserMenuVisible": true,
                                      }
                        }
                        logout={undefined}
                        outsideClickIgnoreClass="ignore-react-onclickoutside"
                        preventDefault={false}
                        stopPropagation={false}
                        toggleUserMenu={undefined}
                        user={undefined}
                />
        </div>
        <Switch>
                <Route
                        exact={undefined}
                        path="/community"
                        render={[Function]}
                />
                <Route
                        exact={undefined}
                        path="/restaurants"
                        render={[Function]}
                />
                <Route
                        exact={undefined}
                        path="/qna"
                        render={[Function]}
                />
                <Route
                        exact={undefined}
                        path="/info"
                        render={[Function]}
                />
        </Switch>
</nav>,
    ],
  ],
  Symbol(enzyme.__options__): Object {
    "adapter": ReactSixteenAdapter {
      "options": Object {
        "enableComponentDidUpdateOnSetState": true,
      },
    },
  },
}
`;
