// Jest Snapshot v1, https://goo.gl/fbAQLP

exports[`<ConnectedUserLogin /> should render the component consistently 1`] = `
ShallowWrapper {
  "length": 1,
  Symbol(enzyme.__root__): [Circular],
  Symbol(enzyme.__unrendered__): <Connect(Login)
    store={
        Object {
            "clearActions": [Function],
            "dispatch": [Function],
            "getActions": [Function],
            "getState": [Function],
            "replaceReducer": [Function],
            "subscribe": [Function],
          }
    }
/>,
  Symbol(enzyme.__renderer__): Object {
    "batchedUpdates": [Function],
    "getNode": [Function],
    "render": [Function],
    "simulateEvent": [Function],
    "unmount": [Function],
  },
  Symbol(enzyme.__node__): Object {
    "instance": null,
    "key": undefined,
    "nodeType": "class",
    "props": Object {
      "auth": Object {
        "message": "",
      },
      "loginSuccess": [Function],
      "setUserForRegistration": [Function],
      "store": Object {
        "clearActions": [Function],
        "dispatch": [Function],
        "getActions": [Function],
        "getState": [Function],
        "replaceReducer": [Function],
        "subscribe": [Function],
      },
      "storeSubscription": Subscription {
        "listeners": Object {
          "clear": [Function],
          "get": [Function],
          "notify": [Function],
          "subscribe": [Function],
        },
        "onStateChange": [Function],
        "parentSub": undefined,
        "store": Object {
          "clearActions": [Function],
          "dispatch": [Function],
          "getActions": [Function],
          "getState": [Function],
          "replaceReducer": [Function],
          "subscribe": [Function],
        },
        "unsubscribe": [Function],
      },
      "user": Object {
        "isLoggedIn": false,
      },
    },
    "ref": null,
    "rendered": null,
    "type": [Function],
  },
  Symbol(enzyme.__nodes__): Array [
    Object {
      "instance": null,
      "key": undefined,
      "nodeType": "class",
      "props": Object {
        "auth": Object {
          "message": "",
        },
        "loginSuccess": [Function],
        "setUserForRegistration": [Function],
        "store": Object {
          "clearActions": [Function],
          "dispatch": [Function],
          "getActions": [Function],
          "getState": [Function],
          "replaceReducer": [Function],
          "subscribe": [Function],
        },
        "storeSubscription": Subscription {
          "listeners": Object {
            "clear": [Function],
            "get": [Function],
            "notify": [Function],
            "subscribe": [Function],
          },
          "onStateChange": [Function],
          "parentSub": undefined,
          "store": Object {
            "clearActions": [Function],
            "dispatch": [Function],
            "getActions": [Function],
            "getState": [Function],
            "replaceReducer": [Function],
            "subscribe": [Function],
          },
          "unsubscribe": [Function],
        },
        "user": Object {
          "isLoggedIn": false,
        },
      },
      "ref": null,
      "rendered": null,
      "type": [Function],
    },
  ],
  Symbol(enzyme.__options__): Object {
    "adapter": ReactSixteenAdapter {
      "options": Object {
        "enableComponentDidUpdateOnSetState": true,
      },
    },
  },
}
`;

exports[`<UserLogin /> should render the component consistently 1`] = `
ShallowWrapper {
  "length": 1,
  Symbol(enzyme.__root__): [Circular],
  Symbol(enzyme.__unrendered__): <Login
    auth={
        Object {
            "message": "",
          }
    }
    match={
        Object {
            "params": Object {
              "type": "login",
            },
          }
    }
    user={
        Object {
            "isLoggedIn": false,
          }
    }
/>,
  Symbol(enzyme.__renderer__): Object {
    "batchedUpdates": [Function],
    "getNode": [Function],
    "render": [Function],
    "simulateEvent": [Function],
    "unmount": [Function],
  },
  Symbol(enzyme.__node__): Object {
    "instance": null,
    "key": undefined,
    "nodeType": "host",
    "props": Object {
      "children": Array [
        <h2
          className="User__page__title"
>
          Login to your account
          <i
                    className="User__page__title__icons material-icons"
          >
                    lock
          </i>
</h2>,
        <FormMessage
          className="Login__message"
          message=""
          type="error"
/>,
        <SocialLogin
          isLogin={true}
          onRegister={[Function]}
          onSuccess={[Function]}
/>,
        <LocalLogin
          isLogin={true}
          onSuccess={[Function]}
          redirectUrl="/"
/>,
      ],
      "className": "Login",
    },
    "ref": null,
    "rendered": Array [
      Object {
        "instance": null,
        "key": undefined,
        "nodeType": "host",
        "props": Object {
          "children": Array [
            "Login to your account",
            <i
              className="User__page__title__icons material-icons"
>
              lock
</i>,
          ],
          "className": "User__page__title",
        },
        "ref": null,
        "rendered": Array [
          "Login to your account",
          Object {
            "instance": null,
            "key": undefined,
            "nodeType": "host",
            "props": Object {
              "children": "lock",
              "className": "User__page__title__icons material-icons",
            },
            "ref": null,
            "rendered": "lock",
            "type": "i",
          },
        ],
        "type": "h2",
      },
      Object {
        "instance": null,
        "key": undefined,
        "nodeType": "function",
        "props": Object {
          "className": "Login__message",
          "message": "",
          "type": "error",
        },
        "ref": null,
        "rendered": null,
        "type": [Function],
      },
      Object {
        "instance": null,
        "key": undefined,
        "nodeType": "class",
        "props": Object {
          "isLogin": true,
          "onRegister": [Function],
          "onSuccess": [Function],
        },
        "ref": null,
        "rendered": null,
        "type": [Function],
      },
      Object {
        "instance": null,
        "key": undefined,
        "nodeType": "class",
        "props": Object {
          "isLogin": true,
          "onSuccess": [Function],
          "redirectUrl": "/",
        },
        "ref": null,
        "rendered": null,
        "type": [Function],
      },
    ],
    "type": "div",
  },
  Symbol(enzyme.__nodes__): Array [
    Object {
      "instance": null,
      "key": undefined,
      "nodeType": "host",
      "props": Object {
        "children": Array [
          <h2
            className="User__page__title"
>
            Login to your account
            <i
                        className="User__page__title__icons material-icons"
            >
                        lock
            </i>
</h2>,
          <FormMessage
            className="Login__message"
            message=""
            type="error"
/>,
          <SocialLogin
            isLogin={true}
            onRegister={[Function]}
            onSuccess={[Function]}
/>,
          <LocalLogin
            isLogin={true}
            onSuccess={[Function]}
            redirectUrl="/"
/>,
        ],
        "className": "Login",
      },
      "ref": null,
      "rendered": Array [
        Object {
          "instance": null,
          "key": undefined,
          "nodeType": "host",
          "props": Object {
            "children": Array [
              "Login to your account",
              <i
                className="User__page__title__icons material-icons"
>
                lock
</i>,
            ],
            "className": "User__page__title",
          },
          "ref": null,
          "rendered": Array [
            "Login to your account",
            Object {
              "instance": null,
              "key": undefined,
              "nodeType": "host",
              "props": Object {
                "children": "lock",
                "className": "User__page__title__icons material-icons",
              },
              "ref": null,
              "rendered": "lock",
              "type": "i",
            },
          ],
          "type": "h2",
        },
        Object {
          "instance": null,
          "key": undefined,
          "nodeType": "function",
          "props": Object {
            "className": "Login__message",
            "message": "",
            "type": "error",
          },
          "ref": null,
          "rendered": null,
          "type": [Function],
        },
        Object {
          "instance": null,
          "key": undefined,
          "nodeType": "class",
          "props": Object {
            "isLogin": true,
            "onRegister": [Function],
            "onSuccess": [Function],
          },
          "ref": null,
          "rendered": null,
          "type": [Function],
        },
        Object {
          "instance": null,
          "key": undefined,
          "nodeType": "class",
          "props": Object {
            "isLogin": true,
            "onSuccess": [Function],
            "redirectUrl": "/",
          },
          "ref": null,
          "rendered": null,
          "type": [Function],
        },
      ],
      "type": "div",
    },
  ],
  Symbol(enzyme.__options__): Object {
    "adapter": ReactSixteenAdapter {
      "options": Object {
        "enableComponentDidUpdateOnSetState": true,
      },
    },
  },
}
`;
