// Jest Snapshot v1, https://goo.gl/fbAQLP

exports[`<UserPageContainer /> renders the component consistently 1`] = `
ShallowWrapper {
  "length": 1,
  Symbol(enzyme.__root__): [Circular],
  Symbol(enzyme.__unrendered__): <UserPageContainer
    className="test"
    disabled={false}
    formMsg=""
    formTitle="test-form"
    icon=""
    isLoading={false}
    onSubmit={[Function]}
    title=""
>
    <p>
        testing
    </p>
</UserPageContainer>,
  Symbol(enzyme.__renderer__): Object {
    "batchedUpdates": [Function],
    "getNode": [Function],
    "render": [Function],
    "simulateEvent": [Function],
    "unmount": [Function],
  },
  Symbol(enzyme.__node__): Object {
    "instance": null,
    "key": undefined,
    "nodeType": "host",
    "props": Object {
      "children": Array [
        null,
        <div
          className="User__form__row test__form__row"
>
          <LoadingOverlay
                    circleColor="#1F4B40"
                    circleSize=""
                    isVisible={false}
                    overlayColor="rgba(256,256,256,.75)"
          />
          <div
                    className="User__form__header test__form__header"
          >
                    <h3
                              className="User__form__header__title test__form__header__title"
                    >
                              test-form
                    </h3>
          </div>
          <form
                    className="User__form test__form user-form"
                    noValidate={true}
                    onSubmit={[Function]}
          >
                    <p>
                              testing
                    </p>
                    <button
                              className="User__form__btn test__form__btn"
                              disabled={false}
                              type="submit"
                    >
                              Submit
                    </button>
          </form>
</div>,
      ],
      "className": "test",
    },
    "ref": null,
    "rendered": Array [
      null,
      Object {
        "instance": null,
        "key": undefined,
        "nodeType": "host",
        "props": Object {
          "children": Array [
            <LoadingOverlay
              circleColor="#1F4B40"
              circleSize=""
              isVisible={false}
              overlayColor="rgba(256,256,256,.75)"
/>,
            <div
              className="User__form__header test__form__header"
>
              <h3
                            className="User__form__header__title test__form__header__title"
              >
                            test-form
              </h3>
</div>,
            <form
              className="User__form test__form user-form"
              noValidate={true}
              onSubmit={[Function]}
>
              <p>
                            testing
              </p>
              <button
                            className="User__form__btn test__form__btn"
                            disabled={false}
                            type="submit"
              >
                            Submit
              </button>
</form>,
          ],
          "className": "User__form__row test__form__row",
        },
        "ref": null,
        "rendered": Array [
          Object {
            "instance": null,
            "key": undefined,
            "nodeType": "function",
            "props": Object {
              "circleColor": "#1F4B40",
              "circleSize": "",
              "isVisible": false,
              "overlayColor": "rgba(256,256,256,.75)",
            },
            "ref": null,
            "rendered": null,
            "type": [Function],
          },
          Object {
            "instance": null,
            "key": undefined,
            "nodeType": "host",
            "props": Object {
              "children": Array [
                <h3
                  className="User__form__header__title test__form__header__title"
>
                  test-form
</h3>,
                null,
              ],
              "className": "User__form__header test__form__header",
            },
            "ref": null,
            "rendered": Array [
              Object {
                "instance": null,
                "key": undefined,
                "nodeType": "host",
                "props": Object {
                  "children": "test-form",
                  "className": "User__form__header__title test__form__header__title",
                },
                "ref": null,
                "rendered": "test-form",
                "type": "h3",
              },
              null,
            ],
            "type": "div",
          },
          Object {
            "instance": null,
            "key": undefined,
            "nodeType": "host",
            "props": Object {
              "children": Array [
                <p>
                  testing
</p>,
                <button
                  className="User__form__btn test__form__btn"
                  disabled={false}
                  type="submit"
>
                  Submit
</button>,
              ],
              "className": "User__form test__form user-form",
              "noValidate": true,
              "onSubmit": [Function],
            },
            "ref": null,
            "rendered": Array [
              Object {
                "instance": null,
                "key": undefined,
                "nodeType": "host",
                "props": Object {
                  "children": "testing",
                },
                "ref": null,
                "rendered": "testing",
                "type": "p",
              },
              Object {
                "instance": null,
                "key": undefined,
                "nodeType": "host",
                "props": Object {
                  "children": "Submit",
                  "className": "User__form__btn test__form__btn",
                  "disabled": false,
                  "type": "submit",
                },
                "ref": null,
                "rendered": "Submit",
                "type": "button",
              },
            ],
            "type": "form",
          },
        ],
        "type": "div",
      },
    ],
    "type": "div",
  },
  Symbol(enzyme.__nodes__): Array [
    Object {
      "instance": null,
      "key": undefined,
      "nodeType": "host",
      "props": Object {
        "children": Array [
          null,
          <div
            className="User__form__row test__form__row"
>
            <LoadingOverlay
                        circleColor="#1F4B40"
                        circleSize=""
                        isVisible={false}
                        overlayColor="rgba(256,256,256,.75)"
            />
            <div
                        className="User__form__header test__form__header"
            >
                        <h3
                                    className="User__form__header__title test__form__header__title"
                        >
                                    test-form
                        </h3>
            </div>
            <form
                        className="User__form test__form user-form"
                        noValidate={true}
                        onSubmit={[Function]}
            >
                        <p>
                                    testing
                        </p>
                        <button
                                    className="User__form__btn test__form__btn"
                                    disabled={false}
                                    type="submit"
                        >
                                    Submit
                        </button>
            </form>
</div>,
        ],
        "className": "test",
      },
      "ref": null,
      "rendered": Array [
        null,
        Object {
          "instance": null,
          "key": undefined,
          "nodeType": "host",
          "props": Object {
            "children": Array [
              <LoadingOverlay
                circleColor="#1F4B40"
                circleSize=""
                isVisible={false}
                overlayColor="rgba(256,256,256,.75)"
/>,
              <div
                className="User__form__header test__form__header"
>
                <h3
                                className="User__form__header__title test__form__header__title"
                >
                                test-form
                </h3>
</div>,
              <form
                className="User__form test__form user-form"
                noValidate={true}
                onSubmit={[Function]}
>
                <p>
                                testing
                </p>
                <button
                                className="User__form__btn test__form__btn"
                                disabled={false}
                                type="submit"
                >
                                Submit
                </button>
</form>,
            ],
            "className": "User__form__row test__form__row",
          },
          "ref": null,
          "rendered": Array [
            Object {
              "instance": null,
              "key": undefined,
              "nodeType": "function",
              "props": Object {
                "circleColor": "#1F4B40",
                "circleSize": "",
                "isVisible": false,
                "overlayColor": "rgba(256,256,256,.75)",
              },
              "ref": null,
              "rendered": null,
              "type": [Function],
            },
            Object {
              "instance": null,
              "key": undefined,
              "nodeType": "host",
              "props": Object {
                "children": Array [
                  <h3
                    className="User__form__header__title test__form__header__title"
>
                    test-form
</h3>,
                  null,
                ],
                "className": "User__form__header test__form__header",
              },
              "ref": null,
              "rendered": Array [
                Object {
                  "instance": null,
                  "key": undefined,
                  "nodeType": "host",
                  "props": Object {
                    "children": "test-form",
                    "className": "User__form__header__title test__form__header__title",
                  },
                  "ref": null,
                  "rendered": "test-form",
                  "type": "h3",
                },
                null,
              ],
              "type": "div",
            },
            Object {
              "instance": null,
              "key": undefined,
              "nodeType": "host",
              "props": Object {
                "children": Array [
                  <p>
                    testing
</p>,
                  <button
                    className="User__form__btn test__form__btn"
                    disabled={false}
                    type="submit"
>
                    Submit
</button>,
                ],
                "className": "User__form test__form user-form",
                "noValidate": true,
                "onSubmit": [Function],
              },
              "ref": null,
              "rendered": Array [
                Object {
                  "instance": null,
                  "key": undefined,
                  "nodeType": "host",
                  "props": Object {
                    "children": "testing",
                  },
                  "ref": null,
                  "rendered": "testing",
                  "type": "p",
                },
                Object {
                  "instance": null,
                  "key": undefined,
                  "nodeType": "host",
                  "props": Object {
                    "children": "Submit",
                    "className": "User__form__btn test__form__btn",
                    "disabled": false,
                    "type": "submit",
                  },
                  "ref": null,
                  "rendered": "Submit",
                  "type": "button",
                },
              ],
              "type": "form",
            },
          ],
          "type": "div",
        },
      ],
      "type": "div",
    },
  ],
  Symbol(enzyme.__options__): Object {
    "adapter": ReactSixteenAdapter {
      "options": Object {
        "enableComponentDidUpdateOnSetState": true,
      },
    },
  },
}
`;
