// Jest Snapshot v1, https://goo.gl/fbAQLP

exports[`<UserRegister /> should render the component consistently 1`] = `
ShallowWrapper {
  "length": 1,
  Symbol(enzyme.__root__): [Circular],
  Symbol(enzyme.__unrendered__): <Register
    auth={
        Object {
            "avatar": "https://lookaside.facebook.com/platform/profilepic/?asid=1527248567354389&height=50&width=50&ext=1522858773&hash=AeTOk-4ueDQXWd1T",
            "displayName": "LyndonOhhyungChun",
            "email": "ssinsoo@gmail.com",
            "message": "",
            "password": null,
            "redirectUrl": "/",
            "socialId": "1527248567354389",
            "socialToken": "EAAB86Ub9xDcBAFJCETkRP2KeSR2ZBEVSf02hXXpTLuDhSRGNTXMjroXJwu6UNDidVFFpElN7DUoC5ifhVJiSAWNQ3kwAxr5rNKBFZC9SvCZBg4mcKc0QZBzYGrNru5vwUEHo2ly71zAcyXLy1TIDuc0hdhTTWXfACLyPSuP1IW6gr1MT8hI5bEIwS91SDLdCipHbBe7DSAZDZD",
            "strategy": "facebook",
            "verificationToken": null,
          }
    }
    match={
        Object {
            "params": Object {
              "token": undefined,
            },
          }
    }
/>,
  Symbol(enzyme.__renderer__): Object {
    "batchedUpdates": [Function],
    "getNode": [Function],
    "render": [Function],
    "simulateEvent": [Function],
    "unmount": [Function],
  },
  Symbol(enzyme.__node__): Object {
    "instance": null,
    "key": undefined,
    "nodeType": "function",
    "props": Object {
      "children": Array [
        <Prompt
          message="Are you fucking sure? Your information will be lost."
          when={false}
/>,
        <FormMessage
          className=""
          message=""
          type="error"
/>,
        <UserInputField
          disabled={true}
          isVisible={true}
          message=""
          name="email"
          onChange={[Function]}
          placeholder=""
          title=""
          type=""
          value="ssinsoo@gmail.com"
/>,
        <FormMessage
          className=""
          message=""
          type="error"
/>,
        <UserInputField
          disabled={false}
          isVisible={true}
          message=""
          name="displayName"
          onChange={[Function]}
          placeholder=""
          title=""
          type=""
          value="LyndonOhhyungChun"
/>,
        <FormMessage
          className=""
          message=""
          type="error"
/>,
        <UserInputField
          disabled={false}
          isVisible={false}
          message=""
          name="password"
          onChange={[Function]}
          placeholder=""
          title=""
          type=""
          value=""
/>,
        <FormMessage
          className=""
          message=""
          type="error"
/>,
        <AvatarUploader
          avatar={
                    Object {
                              "message": "",
                              "value": "https://lookaside.facebook.com/platform/profilepic/?asid=1527248567354389&height=50&width=50&ext=1522858773&hash=AeTOk-4ueDQXWd1T",
                            }
          }
          className="User__form__fields"
          onChange={[Function]}
/>,
      ],
      "className": "Register",
      "disabled": false,
      "formMsg": "Please fill in the following fields to complete your registration.",
      "formTitle": "User Information",
      "icon": "person_add",
      "isLoading": false,
      "onSubmit": [Function],
      "title": "User Registration",
    },
    "ref": null,
    "rendered": Array [
      Object {
        "instance": null,
        "key": undefined,
        "nodeType": "class",
        "props": Object {
          "message": "Are you fucking sure? Your information will be lost.",
          "when": false,
        },
        "ref": null,
        "rendered": null,
        "type": [Function],
      },
      Object {
        "instance": null,
        "key": undefined,
        "nodeType": "function",
        "props": Object {
          "className": "",
          "message": "",
          "type": "error",
        },
        "ref": null,
        "rendered": null,
        "type": [Function],
      },
      Object {
        "instance": null,
        "key": undefined,
        "nodeType": "function",
        "props": Object {
          "children": null,
          "disabled": true,
          "isVisible": true,
          "message": "",
          "name": "email",
          "onChange": [Function],
          "placeholder": "",
          "title": "",
          "type": "",
          "value": "ssinsoo@gmail.com",
        },
        "ref": null,
        "rendered": null,
        "type": [Function],
      },
      Object {
        "instance": null,
        "key": undefined,
        "nodeType": "function",
        "props": Object {
          "className": "",
          "message": "",
          "type": "error",
        },
        "ref": null,
        "rendered": null,
        "type": [Function],
      },
      Object {
        "instance": null,
        "key": undefined,
        "nodeType": "function",
        "props": Object {
          "children": null,
          "disabled": false,
          "isVisible": true,
          "message": "",
          "name": "displayName",
          "onChange": [Function],
          "placeholder": "",
          "title": "",
          "type": "",
          "value": "LyndonOhhyungChun",
        },
        "ref": null,
        "rendered": null,
        "type": [Function],
      },
      Object {
        "instance": null,
        "key": undefined,
        "nodeType": "function",
        "props": Object {
          "className": "",
          "message": "",
          "type": "error",
        },
        "ref": null,
        "rendered": null,
        "type": [Function],
      },
      Object {
        "instance": null,
        "key": undefined,
        "nodeType": "function",
        "props": Object {
          "children": null,
          "disabled": false,
          "isVisible": false,
          "message": "",
          "name": "password",
          "onChange": [Function],
          "placeholder": "",
          "title": "",
          "type": "",
          "value": "",
        },
        "ref": null,
        "rendered": null,
        "type": [Function],
      },
      Object {
        "instance": null,
        "key": undefined,
        "nodeType": "function",
        "props": Object {
          "className": "",
          "message": "",
          "type": "error",
        },
        "ref": null,
        "rendered": null,
        "type": [Function],
      },
      Object {
        "instance": null,
        "key": undefined,
        "nodeType": "class",
        "props": Object {
          "avatar": Object {
            "message": "",
            "value": "https://lookaside.facebook.com/platform/profilepic/?asid=1527248567354389&height=50&width=50&ext=1522858773&hash=AeTOk-4ueDQXWd1T",
          },
          "className": "User__form__fields",
          "onChange": [Function],
        },
        "ref": null,
        "rendered": null,
        "type": [Function],
      },
    ],
    "type": [Function],
  },
  Symbol(enzyme.__nodes__): Array [
    Object {
      "instance": null,
      "key": undefined,
      "nodeType": "function",
      "props": Object {
        "children": Array [
          <Prompt
            message="Are you fucking sure? Your information will be lost."
            when={false}
/>,
          <FormMessage
            className=""
            message=""
            type="error"
/>,
          <UserInputField
            disabled={true}
            isVisible={true}
            message=""
            name="email"
            onChange={[Function]}
            placeholder=""
            title=""
            type=""
            value="ssinsoo@gmail.com"
/>,
          <FormMessage
            className=""
            message=""
            type="error"
/>,
          <UserInputField
            disabled={false}
            isVisible={true}
            message=""
            name="displayName"
            onChange={[Function]}
            placeholder=""
            title=""
            type=""
            value="LyndonOhhyungChun"
/>,
          <FormMessage
            className=""
            message=""
            type="error"
/>,
          <UserInputField
            disabled={false}
            isVisible={false}
            message=""
            name="password"
            onChange={[Function]}
            placeholder=""
            title=""
            type=""
            value=""
/>,
          <FormMessage
            className=""
            message=""
            type="error"
/>,
          <AvatarUploader
            avatar={
                        Object {
                                    "message": "",
                                    "value": "https://lookaside.facebook.com/platform/profilepic/?asid=1527248567354389&height=50&width=50&ext=1522858773&hash=AeTOk-4ueDQXWd1T",
                                  }
            }
            className="User__form__fields"
            onChange={[Function]}
/>,
        ],
        "className": "Register",
        "disabled": false,
        "formMsg": "Please fill in the following fields to complete your registration.",
        "formTitle": "User Information",
        "icon": "person_add",
        "isLoading": false,
        "onSubmit": [Function],
        "title": "User Registration",
      },
      "ref": null,
      "rendered": Array [
        Object {
          "instance": null,
          "key": undefined,
          "nodeType": "class",
          "props": Object {
            "message": "Are you fucking sure? Your information will be lost.",
            "when": false,
          },
          "ref": null,
          "rendered": null,
          "type": [Function],
        },
        Object {
          "instance": null,
          "key": undefined,
          "nodeType": "function",
          "props": Object {
            "className": "",
            "message": "",
            "type": "error",
          },
          "ref": null,
          "rendered": null,
          "type": [Function],
        },
        Object {
          "instance": null,
          "key": undefined,
          "nodeType": "function",
          "props": Object {
            "children": null,
            "disabled": true,
            "isVisible": true,
            "message": "",
            "name": "email",
            "onChange": [Function],
            "placeholder": "",
            "title": "",
            "type": "",
            "value": "ssinsoo@gmail.com",
          },
          "ref": null,
          "rendered": null,
          "type": [Function],
        },
        Object {
          "instance": null,
          "key": undefined,
          "nodeType": "function",
          "props": Object {
            "className": "",
            "message": "",
            "type": "error",
          },
          "ref": null,
          "rendered": null,
          "type": [Function],
        },
        Object {
          "instance": null,
          "key": undefined,
          "nodeType": "function",
          "props": Object {
            "children": null,
            "disabled": false,
            "isVisible": true,
            "message": "",
            "name": "displayName",
            "onChange": [Function],
            "placeholder": "",
            "title": "",
            "type": "",
            "value": "LyndonOhhyungChun",
          },
          "ref": null,
          "rendered": null,
          "type": [Function],
        },
        Object {
          "instance": null,
          "key": undefined,
          "nodeType": "function",
          "props": Object {
            "className": "",
            "message": "",
            "type": "error",
          },
          "ref": null,
          "rendered": null,
          "type": [Function],
        },
        Object {
          "instance": null,
          "key": undefined,
          "nodeType": "function",
          "props": Object {
            "children": null,
            "disabled": false,
            "isVisible": false,
            "message": "",
            "name": "password",
            "onChange": [Function],
            "placeholder": "",
            "title": "",
            "type": "",
            "value": "",
          },
          "ref": null,
          "rendered": null,
          "type": [Function],
        },
        Object {
          "instance": null,
          "key": undefined,
          "nodeType": "function",
          "props": Object {
            "className": "",
            "message": "",
            "type": "error",
          },
          "ref": null,
          "rendered": null,
          "type": [Function],
        },
        Object {
          "instance": null,
          "key": undefined,
          "nodeType": "class",
          "props": Object {
            "avatar": Object {
              "message": "",
              "value": "https://lookaside.facebook.com/platform/profilepic/?asid=1527248567354389&height=50&width=50&ext=1522858773&hash=AeTOk-4ueDQXWd1T",
            },
            "className": "User__form__fields",
            "onChange": [Function],
          },
          "ref": null,
          "rendered": null,
          "type": [Function],
        },
      ],
      "type": [Function],
    },
  ],
  Symbol(enzyme.__options__): Object {
    "adapter": ReactSixteenAdapter {
      "options": Object {
        "enableComponentDidUpdateOnSetState": true,
      },
    },
  },
}
`;
